[    0.000000] Linux version 4.15.0-51-generic (buildd@lgw01-amd64-059) (gcc version 7.3.0 (Ubuntu 7.3.0-16ubuntu3)) #55-Ubuntu SMP Wed May 15 14:27:21 UTC 2019 (Ubuntu 4.15.0-51.55-generic 4.15.18)
[    0.000000] Command line: BOOT_IMAGE=/boot/vmlinuz-4.15.0-51-generic root=LABEL=cloudimg-rootfs ro console=tty1 console=ttyS0
[    0.000000] KERNEL supported cpus:
[    0.000000]   Intel GenuineIntel
[    0.000000]   AMD AuthenticAMD
[    0.000000]   Centaur CentaurHauls
[    0.000000] x86/fpu: Supporting XSAVE feature 0x001: 'x87 floating point registers'
[    0.000000] x86/fpu: Supporting XSAVE feature 0x002: 'SSE registers'
[    0.000000] x86/fpu: Supporting XSAVE feature 0x004: 'AVX registers'
[    0.000000] x86/fpu: xstate_offset[2]:  576, xstate_sizes[2]:  256
[    0.000000] x86/fpu: Enabled xstate features 0x7, context size is 832 bytes, using 'standard' format.
[    0.000000] e820: BIOS-provided physical RAM map:
[    0.000000] BIOS-e820: [mem 0x0000000000000000-0x000000000009fbff] usable
[    0.000000] BIOS-e820: [mem 0x000000000009fc00-0x000000000009ffff] reserved
[    0.000000] BIOS-e820: [mem 0x00000000000f0000-0x00000000000fffff] reserved
[    0.000000] BIOS-e820: [mem 0x0000000000100000-0x000000001ffeffff] usable
[    0.000000] BIOS-e820: [mem 0x000000001fff0000-0x000000001fffffff] ACPI data
[    0.000000] BIOS-e820: [mem 0x00000000fec00000-0x00000000fec00fff] reserved
[    0.000000] BIOS-e820: [mem 0x00000000fee00000-0x00000000fee00fff] reserved
[    0.000000] BIOS-e820: [mem 0x00000000fffc0000-0x00000000ffffffff] reserved
[    0.000000] NX (Execute Disable) protection: active
[    0.000000] SMBIOS 2.5 present.
[    0.000000] DMI: innotek GmbH VirtualBox/VirtualBox, BIOS VirtualBox 12/01/2006
[    0.000000] Hypervisor detected: KVM
[    0.000000] e820: last_pfn = 0x1fff0 max_arch_pfn = 0x400000000
[    0.000000] MTRR: Disabled
[    0.000000] x86/PAT: MTRRs disabled, skipping PAT initialization too.
[    0.000000] CPU MTRRs all blank - virtualized system.
[    0.000000] x86/PAT: Configuration [0-7]: WB  WT  UC- UC  WB  WT  UC- UC  
[    0.000000] found SMP MP-table at [mem 0x0009fff0-0x0009ffff] mapped at [        (ptrval)]
[    0.000000] Scanning 1 areas for low memory corruption
[    0.000000] RAMDISK: [mem 0x1dbc3000-0x1ee6ffff]
[    0.000000] ACPI: Early table checksum verification disabled
[    0.000000] ACPI: RSDP 0x00000000000E0000 000024 (v02 VBOX  )
[    0.000000] ACPI: XSDT 0x000000001FFF0030 00003C (v01 VBOX   VBOXXSDT 00000001 ASL  00000061)
[    0.000000] ACPI: FACP 0x000000001FFF00F0 0000F4 (v04 VBOX   VBOXFACP 00000001 ASL  00000061)
[    0.000000] ACPI: DSDT 0x000000001FFF0470 0022EA (v02 VBOX   VBOXBIOS 00000002 INTL 20100528)
[    0.000000] ACPI: FACS 0x000000001FFF0200 000040
[    0.000000] ACPI: FACS 0x000000001FFF0200 000040
[    0.000000] ACPI: APIC 0x000000001FFF0240 000054 (v02 VBOX   VBOXAPIC 00000001 ASL  00000061)
[    0.000000] ACPI: SSDT 0x000000001FFF02A0 0001CC (v01 VBOX   VBOXCPUT 00000002 INTL 20100528)
[    0.000000] No NUMA configuration found
[    0.000000] Faking a node at [mem 0x0000000000000000-0x000000001ffeffff]
[    0.000000] NODE_DATA(0) allocated [mem 0x1ffc5000-0x1ffeffff]
[    0.000000] kvm-clock: cpu 0, msr 0:1ff44001, primary cpu clock
[    0.000000] kvm-clock: Using msrs 4b564d01 and 4b564d00
[    0.000000] kvm-clock: using sched offset of 3432385226 cycles
[    0.000000] clocksource: kvm-clock: mask: 0xffffffffffffffff max_cycles: 0x1cd42e4dffb, max_idle_ns: 881590591483 ns
[    0.000000] Zone ranges:
[    0.000000]   DMA      [mem 0x0000000000001000-0x0000000000ffffff]
[    0.000000]   DMA32    [mem 0x0000000001000000-0x000000001ffeffff]
[    0.000000]   Normal   empty
[    0.000000]   Device   empty
[    0.000000] Movable zone start for each node
[    0.000000] Early memory node ranges
[    0.000000]   node   0: [mem 0x0000000000001000-0x000000000009efff]
[    0.000000]   node   0: [mem 0x0000000000100000-0x000000001ffeffff]
[    0.000000] Reserved but unavailable: 114 pages
[    0.000000] Initmem setup node 0 [mem 0x0000000000001000-0x000000001ffeffff]
[    0.000000] ACPI: PM-Timer IO Port: 0x4008
[    0.000000] IOAPIC[0]: apic_id 1, version 32, address 0xfec00000, GSI 0-23
[    0.000000] ACPI: INT_SRC_OVR (bus 0 bus_irq 0 global_irq 2 dfl dfl)
[    0.000000] ACPI: INT_SRC_OVR (bus 0 bus_irq 9 global_irq 9 low level)
[    0.000000] Using ACPI (MADT) for SMP configuration information
[    0.000000] smpboot: Allowing 1 CPUs, 0 hotplug CPUs
[    0.000000] PM: Registered nosave memory: [mem 0x00000000-0x00000fff]
[    0.000000] PM: Registered nosave memory: [mem 0x0009f000-0x0009ffff]
[    0.000000] PM: Registered nosave memory: [mem 0x000a0000-0x000effff]
[    0.000000] PM: Registered nosave memory: [mem 0x000f0000-0x000fffff]
[    0.000000] e820: [mem 0x20000000-0xfebfffff] available for PCI devices
[    0.000000] Booting paravirtualized kernel on KVM
[    0.000000] clocksource: refined-jiffies: mask: 0xffffffff max_cycles: 0xffffffff, max_idle_ns: 7645519600211568 ns
[    0.000000] random: get_random_bytes called from start_kernel+0x99/0x4fd with crng_init=0
[    0.000000] setup_percpu: NR_CPUS:8192 nr_cpumask_bits:1 nr_cpu_ids:1 nr_node_ids:1
[    0.000000] percpu: Embedded 46 pages/cpu @        (ptrval) s151552 r8192 d28672 u2097152
[    0.000000] PV qspinlock hash table entries: 256 (order: 0, 4096 bytes)
[    0.000000] Built 1 zonelists, mobility grouping on.  Total pages: 128889
[    0.000000] Policy zone: DMA32
[    0.000000] Kernel command line: BOOT_IMAGE=/boot/vmlinuz-4.15.0-51-generic root=LABEL=cloudimg-rootfs ro console=tty1 console=ttyS0
[    0.000000] Memory: 467548K/523832K available (12300K kernel code, 2473K rwdata, 4272K rodata, 2408K init, 2416K bss, 56284K reserved, 0K cma-reserved)
[    0.000000] SLUB: HWalign=64, Order=0-3, MinObjects=0, CPUs=1, Nodes=1
[    0.000000] Kernel/User page tables isolation: enabled
[    0.000000] ftrace: allocating 39215 entries in 154 pages
[    0.004000] Hierarchical RCU implementation.
[    0.004000] 	RCU restricting CPUs from NR_CPUS=8192 to nr_cpu_ids=1.
[    0.004000] 	Tasks RCU enabled.
[    0.004000] RCU: Adjusting geometry for rcu_fanout_leaf=16, nr_cpu_ids=1
[    0.004000] NR_IRQS: 524544, nr_irqs: 256, preallocated irqs: 16
[    0.004000] Console: colour VGA+ 80x25
[    0.004000] console [tty1] enabled
[    0.004000] console [ttyS0] enabled
[    0.004000] ACPI: Core revision 20170831
[    0.004000] ACPI: 2 ACPI AML tables successfully acquired and loaded
[    0.004000] APIC: Switch to symmetric I/O mode setup
[    0.004000] x2apic enabled
[    0.004000] Switched APIC routing to physical x2apic.
[    0.004000] ..TIMER: vector=0x30 apic1=0 pin1=2 apic2=-1 pin2=-1
[    0.004003] tsc: Detected 2591.998 MHz processor
[    0.004828] Calibrating delay loop (skipped) preset value.. 5183.99 BogoMIPS (lpj=10367992)
[    0.005559] pid_max: default: 32768 minimum: 301
[    0.008027] Security Framework initialized
[    0.008888] Yama: becoming mindful.
[    0.009812] AppArmor: AppArmor initialized
[    0.010612] Dentry cache hash table entries: 65536 (order: 7, 524288 bytes)
[    0.012023] Inode-cache hash table entries: 32768 (order: 6, 262144 bytes)
[    0.013226] Mount-cache hash table entries: 1024 (order: 1, 8192 bytes)
[    0.014389] Mountpoint-cache hash table entries: 1024 (order: 1, 8192 bytes)
[    0.016206] mce: CPU supports 0 MCE banks
[    0.016942] process: using mwait in idle threads
[    0.017766] Last level iTLB entries: 4KB 64, 2MB 8, 4MB 8
[    0.018880] Last level dTLB entries: 4KB 64, 2MB 0, 4MB 0, 1GB 4
[    0.020002] Spectre V2 : Mitigation: Full generic retpoline
[    0.020972] Spectre V2 : Spectre v2 / SpectreRSB mitigation: Filling RSB on context switch
[    0.022486] Speculative Store Bypass: Vulnerable
[    0.023437] MDS: Mitigation: Clear CPU buffers
[    0.035089] Freeing SMP alternatives memory: 36K
[    0.040000] smpboot: CPU0: Intel(R) Core(TM) i7-8850H CPU @ 2.60GHz (family: 0x6, model: 0x9e, stepping: 0xa)
[    0.040000] Performance Events: unsupported p6 CPU model 158 no PMU driver, software events only.
[    0.040026] Hierarchical SRCU implementation.
[    0.041221] NMI watchdog: Perf event create on CPU 0 failed with -2
[    0.042295] NMI watchdog: Perf NMI watchdog permanently disabled
[    0.043458] smp: Bringing up secondary CPUs ...
[    0.044002] smp: Brought up 1 node, 1 CPU
[    0.044949] smpboot: Max logical packages: 1
[    0.045932] smpboot: Total of 1 processors activated (5183.99 BogoMIPS)
[    0.047170] devtmpfs: initialized
[    0.048038] x86/mm: Memory block size: 128MB
[    0.048863] evm: security.selinux
[    0.049465] evm: security.SMACK64
[    0.050061] evm: security.SMACK64EXEC
[    0.050713] evm: security.SMACK64TRANSMUTE
[    0.051433] evm: security.SMACK64MMAP
[    0.052002] evm: security.apparmor
[    0.052616] evm: security.ima
[    0.053214] evm: security.capability
[    0.053915] clocksource: jiffies: mask: 0xffffffff max_cycles: 0xffffffff, max_idle_ns: 7645041785100000 ns
[    0.055582] futex hash table entries: 256 (order: 2, 16384 bytes)
[    0.056028] pinctrl core: initialized pinctrl subsystem
[    0.057201] RTC time: 11:52:02, date: 06/16/19
[    0.058235] NET: Registered protocol family 16
[    0.060047] audit: initializing netlink subsys (disabled)
[    0.061731] cpuidle: using governor ladder
[    0.062865] cpuidle: using governor menu
[    0.063594] ACPI: bus type PCI registered
[    0.064002] acpiphp: ACPI Hot Plug PCI Controller Driver version: 0.5
[    0.065194] PCI: Using configuration type 1 for base access
[    0.066211] audit: type=2000 audit(1560685927.330:1): state=initialized audit_enabled=0 res=1
[    0.068685] HugeTLB registered 2.00 MiB page size, pre-allocated 0 pages
[    0.070033] ACPI: Added _OSI(Module Device)
[    0.070801] ACPI: Added _OSI(Processor Device)
[    0.071582] ACPI: Added _OSI(3.0 _SCP Extensions)
[    0.072003] ACPI: Added _OSI(Processor Aggregator Device)
[    0.072942] ACPI: Added _OSI(Linux-Dell-Video)
[    0.073722] ACPI: Added _OSI(Linux-Lenovo-NV-HDMI-Audio)
[    0.074641] ACPI: Added _OSI(Linux-HPI-Hybrid-Graphics)
[    0.076339] ACPI: Executed 1 blocks of module-level executable AML code
[    0.080656] ACPI: Interpreter enabled
[    0.081716] ACPI: (supports S0 S5)
[    0.082687] ACPI: Using IOAPIC for interrupt routing
[    0.083749] PCI: Using host bridge windows from ACPI; if necessary, use "pci=nocrs" and report a bug
[    0.084163] ACPI: Enabled 2 GPEs in block 00 to 07
[    0.091651] ACPI: PCI Root Bridge [PCI0] (domain 0000 [bus 00-ff])
[    0.092005] acpi PNP0A03:00: _OSC: OS supports [ASPM ClockPM Segments MSI]
[    0.094338] acpi PNP0A03:00: _OSC: not requesting OS control; OS requires [ExtendedConfig ASPM ClockPM MSI]
[    0.096010] acpi PNP0A03:00: fail to add MMCONFIG information, can't access extended PCI configuration space under this bridge.
[    0.100234] PCI host bridge to bus 0000:00
[    0.100965] pci_bus 0000:00: root bus resource [io  0x0000-0x0cf7 window]
[    0.102227] pci_bus 0000:00: root bus resource [io  0x0d00-0xffff window]
[    0.103609] pci_bus 0000:00: root bus resource [mem 0x000a0000-0x000bffff window]
[    0.104002] pci_bus 0000:00: root bus resource [mem 0x20000000-0xfdffffff window]
[    0.105299] pci_bus 0000:00: root bus resource [bus 00-ff]
[    0.109617] pci 0000:00:01.1: legacy IDE quirk: reg 0x10: [io  0x01f0-0x01f7]
[    0.111528] pci 0000:00:01.1: legacy IDE quirk: reg 0x14: [io  0x03f6]
[    0.112002] pci 0000:00:01.1: legacy IDE quirk: reg 0x18: [io  0x0170-0x0177]
[    0.113642] pci 0000:00:01.1: legacy IDE quirk: reg 0x1c: [io  0x0376]
[    0.124445] pci 0000:00:07.0: quirk: [io  0x4000-0x403f] claimed by PIIX4 ACPI
[    0.126186] pci 0000:00:07.0: quirk: [io  0x4100-0x410f] claimed by PIIX4 SMB
[    0.133756] ACPI: PCI Interrupt Link [LNKA] (IRQs 5 9 10 *11)
[    0.135700] ACPI: PCI Interrupt Link [LNKB] (IRQs 5 9 *10 11)
[    0.136113] ACPI: PCI Interrupt Link [LNKC] (IRQs 5 *9 10 11)
[    0.137635] ACPI: PCI Interrupt Link [LNKD] (IRQs 5 9 10 *11)
[    0.138889] SCSI subsystem initialized
[    0.140084] pci 0000:00:02.0: vgaarb: setting as boot VGA device
[    0.141106] pci 0000:00:02.0: vgaarb: VGA device added: decodes=io+mem,owns=io+mem,locks=none
[    0.142870] pci 0000:00:02.0: vgaarb: bridge control possible
[    0.144002] vgaarb: loaded
[    0.144526] ACPI: bus type USB registered
[    0.145254] usbcore: registered new interface driver usbfs
[    0.146252] usbcore: registered new interface driver hub
[    0.148009] usbcore: registered new device driver usb
[    0.148930] EDAC MC: Ver: 3.0.0
[    0.149800] PCI: Using ACPI for IRQ routing
[    0.150831] NetLabel: Initializing
[    0.152002] NetLabel:  domain hash size = 128
[    0.153140] NetLabel:  protocols = UNLABELED CIPSOv4 CALIPSO
[    0.154129] NetLabel:  unlabeled traffic allowed by default
[    0.155161] clocksource: Switched to clocksource kvm-clock
[    0.162820] VFS: Disk quotas dquot_6.6.0
[    0.163978] VFS: Dquot-cache hash table entries: 512 (order 0, 4096 bytes)
[    0.165848] AppArmor: AppArmor Filesystem Enabled
[    0.166998] pnp: PnP ACPI init
[    0.168737] pnp: PnP ACPI: found 3 devices
[    0.174920] clocksource: acpi_pm: mask: 0xffffff max_cycles: 0xffffff, max_idle_ns: 2085701024 ns
[    0.176913] NET: Registered protocol family 2
[    0.177807] TCP established hash table entries: 4096 (order: 3, 32768 bytes)
[    0.179006] TCP bind hash table entries: 4096 (order: 4, 65536 bytes)
[    0.180120] TCP: Hash tables configured (established 4096 bind 4096)
[    0.181387] UDP hash table entries: 256 (order: 1, 8192 bytes)
[    0.182411] UDP-Lite hash table entries: 256 (order: 1, 8192 bytes)
[    0.183524] NET: Registered protocol family 1
[    0.184335] pci 0000:00:00.0: Limiting direct PCI/PCI transfers
[    0.185417] pci 0000:00:01.0: Activating ISA DMA hang workarounds
[    0.186545] pci 0000:00:02.0: Video device with shadowed ROM at [mem 0x000c0000-0x000dffff]
[    0.188111] Unpacking initramfs...
[    0.404952] Freeing initrd memory: 19124K
[    0.406180] clocksource: tsc: mask: 0xffffffffffffffff max_cycles: 0x255cb518234, max_idle_ns: 440795279333 ns
[    0.408294] platform rtc_cmos: registered platform RTC device (no PNP device found)
[    0.409651] Scanning for low memory corruption every 60 seconds
[    0.411500] Initialise system trusted keyrings
[    0.412343] Key type blacklist registered
[    0.413125] workingset: timestamp_bits=36 max_order=17 bucket_order=0
[    0.414841] zbud: loaded
[    0.415632] squashfs: version 4.0 (2009/01/31) Phillip Lougher
[    0.417128] fuse init (API version 7.26)
[    0.419718] Key type asymmetric registered
[    0.421093] Asymmetric key parser 'x509' registered
[    0.422478] Block layer SCSI generic (bsg) driver version 0.4 loaded (major 246)
[    0.424132] io scheduler noop registered
[    0.425147] io scheduler deadline registered
[    0.426173] io scheduler cfq registered (default)
[    0.427706] ACPI: AC Adapter [AC] (on-line)
[    0.428565] input: Power Button as /devices/LNXSYSTM:00/LNXPWRBN:00/input/input0
[    0.429881] ACPI: Power Button [PWRF]
[    0.430613] input: Sleep Button as /devices/LNXSYSTM:00/LNXSLPBN:00/input/input1
[    0.431979] ACPI: Sleep Button [SLPF]
[    0.433705] ACPI: Battery Slot [BAT0] (battery present)
[    0.435199] Serial: 8250/16550 driver, 32 ports, IRQ sharing enabled
[    0.457315] 00:02: ttyS0at I/O 0x3f8 (irq = 4, base_baud = 115200) is a 16550A
    0.460007] Linux agpgart interface v0.103
[    0.462060] loop: module loaded
[    0.462968] scsi host0: ata_piix
[    0.463600] scsi host1: ata_piix
[    0.464220] ata1: PATA max UDMA/33 cmd 0x1f0 ctl 0x3f6 bmdma 0xd000 irq 14
[    0.465391] ata2: PATA max UDMA/33 cmd 0x170 ctl 0x376 bmdma 0xd008 irq 15
[    0.467106] libphy: Fixed MDIO Bus: probed
[    0.467843] tun: Universal TUN/TAP device driver, 1.6
[    0.468754] PPP generic driver version 2.4.2
[    0.469532] ehci_hcd: USB 2.0 'Enhanced' Host Controller (EHCI) Driver
[    0.470781] ehci-pci: EHCI PCI platform driver
[    0.471684] ehci-platform: EHCI generic platform driver
[    0.472613] ohci_hcd: USB 1.1 'Open' Host Controller (OHCI) Driver
[    0.473668] ohci-pci: OHCI PCI platform driver
[    0.474475] ohci-platform: OHCI generic platform driver
[    0.475387] uhci_hcd: USB Universal Host Controller Interface driver
[    0.476956] i8042: PNP: PS/2 Controller [PNP0303:PS2K,PNP0f03:PS2M] at 0x60,0x64 irq 1,12
[    0.478729] serio: i8042 KBD port at 0x60,0x64 irq 1
[    0.479625] serio: i8042 AUX port at 0x60,0x64 irq 12
[    0.480591] mousedev: PS/2 mouse device common for all mice
[    0.481731] input: AT Translated Set 2 keyboard as /devices/platform/i8042/serio0/input/input2
[    0.483526] rtc_cmos rtc_cmos: rtc core: registered rtc_cmos as rtc0
[    0.484686] rtc_cmos rtc_cmos: alarms up to one day, 114 bytes nvram
[    0.486044] i2c /dev entries driver
[    0.486721] device-mapper: uevent: version 1.0.3
[    0.487573] device-mapper: ioctl: 4.37.0-ioctl (2017-09-20) initialised: dm-devel@redhat.com
[    0.489066] ledtrig-cpu: registered to indicate activity on CPUs
[    0.490180] intel_pmc_core:  initialized
[    0.491139] NET: Registered protocol family 10
[    0.494048] Segment Routing with IPv6
[    0.494762] NET: Registered protocol family 17
[    0.495568] Key type dns_resolver registered
[    0.496664] RAS: Correctable Errors collector initialized.
[    0.497739] sched_clock: Marking stable (496599289, 0)->(755910760, -259311471)
[    0.499097] registered taskstats version 1
[    0.499834] Loading compiled-in X.509 certificates
[    0.502351] Loaded X.509 cert 'Build time autogenerated kernel key: c1fa4cde9d34780ae4ae655b856adc042b663c06'
[    0.504704] zswap: loaded using pool lzo/zbud
[    0.507148] Key type big_key registered
[    0.507879] Key type trusted registered
[    0.509726] Key type encrypted registered
[    0.510459] AppArmor: AppArmor sha1 policy hashing enabled
[    0.511614] ima: No TPM chip found, activating TPM-bypass! (rc=-19)
[    0.512731] ima: Allocated hash algorithm: sha1
[    0.513534] evm: HMAC attrs: 0x1
[    0.514388]   Magic number: 7:706:883
[    0.515117] rtc_cmos rtc_cmos: setting system clock to 2019-06-16 11:52:03 UTC (1560685923)
[    0.516860] BIOS EDD facility v0.16 2004-Jun-25, 0 devices found
[    0.518204] EDD information not available.
[    0.627700] Freeing unused kernel image memory: 2408K
[    0.636379] Write protecting the kernel read-only data: 20480k
[    0.639241] Freeing unused kernel image memory: 2008K
[    0.641064] Freeing unused kernel image memory: 1872K
[    0.649169] x86/mm: Checked W+X mappings: passed, no W+X pages found.
[    0.651205] x86/mm: Checking user space page tables
[    0.657042] x86/mm: Checked W+X mappings: passed, no W+X pages found.
Loading, please wait...
starting version 237
[    0.727133] e1000: Intel(R) PRO/1000 Network Driver - version 7.3.21-k8-NAPI
[    0.728550] e1000: Copyright (c) 1999-2006 Intel Corporation.
[    0.731165] Fusion MPT base driver 3.04.20
[    0.732015] Copyright (c) 1999-2008 LSI Corporation
[    0.735805] Fusion MPT SPI Host driver 3.04.20
[    0.753389] AVX2 version of gcm_enc/dec engaged.
[    0.754260] AES CTR mode by8 optimization enabled
[    0.945962] input: ImExPS/2 Generic Explorer Mouse as /devices/platform/i8042/serio1/input/input4
[    1.130748] e1000 0000:00:03.0 eth0: (PCI:33MHz:32-bit) 02:44:a0:33:03:e1
[    1.133042] e1000 0000:00:03.0 eth0: Intel(R) PRO/1000 Network Connection
[    1.135681] mptbase: ioc0: Initiating bringup
[    1.232912] ioc0: LSI53C1030 A0: Capabilities={Initiator}
[    1.474570] scsi host2: ioc0: LSI53C1030 A0, FwRev=00000000h, Ports=1, MaxQ=256, IRQ=20
[    1.645513] scsi 2:0:0:0: Direct-Access     VBOX     HARDDISK         1.0  PQ: 0 ANSI: 5
[    1.648185] scsi target2:0:0: Beginning Domain Validation
[    1.652542] scsi target2:0:0: Domain Validation skipping write tests
[    1.654083] scsi target2:0:0: Ending Domain Validation
[    1.655345] scsi target2:0:0: asynchronous
[    1.656574] random: fast init done
[    1.657813] scsi 2:0:1:0: Direct-Access     VBOX     HARDDISK         1.0  PQ: 0 ANSI: 5
[    1.659844] scsi target2:0:1: Beginning Domain Validation
[    1.662254] scsi target2:0:1: Domain Validation skipping write tests
[    1.663640] scsi target2:0:1: Ending Domain Validation
[    1.664844] scsi target2:0:1: asynchronous
[    1.669541] random: systemd-udevd: uninitialized urandom read (16 bytes read)
[    1.671816] random: systemd-udevd: uninitialized urandom read (16 bytes read)
[    1.673366] sd 2:0:0:0: Attached scsi generic sg0 type 0
[    1.674482] random: systemd-udevd: uninitialized urandom read (16 bytes read)
[    1.676523] sd 2:0:1:0: Attached scsi generic sg1 type 0
[    1.677919] sd 2:0:0:0: [sda] 20971520 512-byte logical blocks: (10.7 GB/10.0 GiB)
[    1.679513] sd 2:0:0:0: [sda] Write Protect is off
[    1.680546] sd 2:0:1:0: [sdb] 20480 512-byte logical blocks: (10.5 MB/10.0 MiB)
[    1.682072] sd 2:0:0:0: [sda] Incomplete mode parameter data
[    1.683202] sd 2:0:0:0: [sda] Assuming drive cache: write through
[    1.684401] sd 2:0:1:0: [sdb] Write Protect is off
[    1.690007] sd 2:0:1:0: [sdb] Incomplete mode parameter data
[    1.691561] sd 2:0:1:0: [sdb] Assuming drive cache: write through
[    1.698334]  sda: sda1
[    1.713218] sd 2:0:0:0: [sda] Attached SCSI disk
[    1.718864] sd 2:0:1:0: [sdb] Attached SCSI disk
[    2.058860] e1000 0000:00:08.0 eth1: (PCI:33MHz:32-bit) 08:00:27:0c:4b:0a
[    2.060729] e1000 0000:00:08.0 eth1: Intel(R) PRO/1000 Network Connection
[    2.063159] e1000 0000:00:03.0 enp0s3: renamed from eth0
[    2.065909] e1000 0000:00:08.0 enp0s8: renamed from eth1
Begin: Loading essential drivers ... [    3.388098] raid6: sse2x1   gen() 13969 MB/s
[    3.438108] raid6: sse2x1   xor() 10698 MB/s
[    3.484400] raid6: sse2x2   gen() 16711 MB/s
[    3.534360] raid6: sse2x2   xor() 12225 MB/s
[    3.584391] raid6: sse2x4   gen() 21143 MB/s
[    3.632877] raid6: sse2x4   xor() 12678 MB/s
[    3.682195] raid6: avx2x1   gen() 29256 MB/s
[    3.728416] raid6: avx2x1   xor() 19778 MB/s
[    3.778460] raid6: avx2x2   gen() 35221 MB/s
[    3.824350] raid6: avx2x2   xor() 20881 MB/s
[    3.874410] raid6: avx2x4   gen() 40927 MB/s
[    3.922941] raid6: avx2x4   xor() 25297 MB/s
[    3.924097] raid6: using algorithm avx2x4 gen() 40927 MB/s
[    3.925482] raid6: .... xor() 25297 MB/s, rmw enabled
[    3.926360] raid6: using avx2x2 recovery algorithm
[    3.928580] xor: automatically using best checksumming function   avx       
[    3.930944] async_tx: api initialized (async)
done.
Begin: Running /scripts/init-premount ... done.
Begin: Mounting root file system ... Begin: Running /scripts/local-top ... done.
Begin: Running /scripts/local-premount ... [    3.968530] Btrfs loaded, crc32c=crc32c-intel
Scanning for Btrfs filesystems
done.
Warning: fsck not present, so skipping root file system
[    3.986117] EXT4-fs (sda1): mounted filesystem with ordered data mode. Opts: (null)
done.
Begin: Running /scripts/local-bottom ... done.
Begin: Running /scripts/init-bottom ... done.
[    4.093970] ip_tables: (C) 2000-2006 Netfilter Core Team
[    4.098580] systemd[1]: systemd 237 running in system mode. (+PAM +AUDIT +SELINUX +IMA +APPARMOR +SMACK +SYSVINIT +UTMP +LIBCRYPTSETUP +GCRYPT +GNUTLS +ACL +XZ +LZ4 +SECCOMP +BLKID +ELFUTILS +KMOD -IDN2 +IDN -PCRE2 default-hierarchy=hybrid)
[    4.102384] systemd[1]: Detected virtualization oracle.
[    4.103332] systemd[1]: Detected architecture x86-64.

Welcome to [1mUbuntu 18.04.2 LTS[0m!

[    4.116608] systemd[1]: Set hostname to <ubuntu>.
[    4.119337] systemd[1]: Initializing machine ID from random generator.
[    4.120806] systemd[1]: Installed transient /etc/machine-id file.
[    4.273691] systemd[1]: Started Forward Password Requests to Wall Directory Watch.
[[0;32m  OK  [0m] Started Forward Password Requests to Wall Directory Watch.
[    4.276203] systemd[1]: Reached target User and Group Name Lookups.
[[0;32m  OK  [0m] Reached target User and Group Name Lookups.
[    4.278205] systemd[1]: Reached target Swap.
[[0;32m  OK  [0m] Reached target Swap.
[    4.279910] systemd[1]: Created slice System Slice.
[[0;32m  OK  [0m] Created slice System Slice.
[[0;32m  OK  [0m] Listening on Device-mapper event daemon FIFOs.
[[0;32m  OK  [0m] Listening on /dev/initctl Compatibility Named Pipe.
[[0;32m  OK  [0m] Created slice system-serial\x2dgetty.slice.
[[0;32m  OK  [0m] Listening on udev Kernel Socket.
[[0;32m  OK  [0m] Listening on LVM2 poll daemon socket.
[[0;32m  OK  [0m] Listening on Journal Socket.
         Starting Load Kernel Modules...
         Mounting Huge Pages File System...
[    4.350165] Loading iSCSI transport class v2.0-870.
[    4.354855] iscsi: registered transport (tcp)
         Starting Remount Root and Kernel File Systems...
[[0;32m  OK  [0m] Listening on Syslog Socket.
[[0;32m  OK  [0m] Listening on Journal Socket (/dev/log).
         Starting Uncomplicated firewall...
[    4.371711] iscsi: registered transport (iser)
[[0;32m  OK  [0m] Listening on Journal Audit Socket.
         Starting Journal Service...
[[0;32m  OK  [0m] Set up automount Arbitrary Executabâ€¦rmats File System Automount Point.
[    4.392323] EXT4-fs (sda1): re-mounted. Opts: (null)
         Starting Create list of required stâ€¦ce nodes for the current kernel...
[[0;32m  OK  [0m] Listening on LVM2 metadata daemon socket.
[[0;32m  OK  [0m] Listening on Network Service Netlink Socket.
[[0;32m  OK  [0m] Listening on udev Control Socket.
         Starting udev Coldplug all Devices...
         Starting Monitoring of LVM2 mirrorsâ€¦ng dmeventd or progress polling...
         Mounting POSIX Message Queue File System...
[[0;32m  OK  [0m] Reached target System Time Synchronized.
[[0;32m  OK  [0m] Created slice User and Session Slice.
[[0;32m  OK  [0m] Reached target Slices.
         Mounting Kernel Debug File System...
         Starting Set the console keyboard layout...
[[0;32m  OK  [0m] Started Load Kernel Modules.
[[0;32m  OK  [0m] Started Journal Service.
[[0;32m  OK  [0m] Mounted Huge Pages File System.
[[0;32m  OK  [0m] Started Remount Root and Kernel File Systems.
[[0;32m  OK  [0m] Started Uncomplicated firewall.
[[0;32m  OK  [0m] Started Create list of required staâ€¦vice nodes for the current kernel.
[[0;32m  OK  [0m] Mounted POSIX Message Queue File System.
[[0;32m  OK  [0m] Mounted Kernel Debug File System.
[[0;32m  OK  [0m] Started Set the console keyboard layout.
[[0;32m  OK  [0m] Started udev Coldplug all Devices.
[[0;32m  OK  [0m] Started LVM2 metadata daemon.
         Starting Create Static Device Nodes in /dev...
         Starting Load/Save Random Seed...
         Starting Flush Journal to Persistent Storage...
         Starting Apply Kernel Variables...
         Mounting FUSE Control File System...
         Mounting Kernel Configuration File System...
[[0;32m  OK  [0m] Started Monitoring of LVM2 mirrors,â€¦sing dmeventd or progress polling.
[[0;32m  OK  [0m] Started Create Static Device Nodes in /dev.
[[0;32m  OK  [0m] Started Load/Save Random Seed.
[[0;32m  OK  [0m] Started Apply Kernel Variables.
[[0;32m  OK  [0m] Mounted FUSE Control File System.
[[0;32m  OK  [0m] Mounted Kernel Configuration File System.
         Starting udev Kernel Device Manager...
[[0;32m  OK  [0m] Reached target Local File Systems (Pre).
[[0;32m  OK  [0m] Reached target Local File Systems.
         Starting AppArmor initialization...
         Starting ebtables ruleset management...
         Starting Commit a transient machine-id on disk...
         Starting Set console font and keymap...
         Starting Tell Plymouth To Write Out Runtime Data...
[[0;32m  OK  [0m] Started udev Kernel Device Manager.
[[0;32m  OK  [0m] Started Flush Journal to Persistent Storage.
[[0;32m  OK  [0m] Started Set console font and keymap.
[[0;32m  OK  [0m] Started Tell Plymouth To Write Out Runtime Data.
         Starting Create Volatile Files and Directories...
[[0;32m  OK  [0m] Started Dispatch Password Requests to Console Directory Watch.
[[0;32m  OK  [0m] Reached target Local Encrypted Volumes.
[[0;32m  OK  [0m] Started Commit a transient machine-id on disk.
[[0;32m  OK  [0m] Started Create Volatile Files and Directories.
         Starting Update UTMP about System Boot/Shutdown...
[[0;32m  OK  [0m] Started Update UTMP about System Boot/Shutdown.
[[0;32m  OK  [0m] Started ebtables ruleset management.
[[0;32m  OK  [0m] Found device /dev/ttyS0.
[[0;32m  OK  [0m] Listening on Load/Save RF Kill Switch Status /dev/rfkill Watch.
[[0;32m  OK  [0m] Started AppArmor initialization.
         Starting Initial cloud-init job (pre-networking)...
[    6.375969] cloud-init[532]: Cloud-init v. 19.1-1-gbaa47854-0ubuntu1~18.04.1 running 'init-local' at Sun, 16 Jun 2019 11:52:09 +0000. Up 6.14 seconds.
[[0;32m  OK  [0m] Started Initial cloud-init job (pre-networking).
[[0;32m  OK  [0m] Reached target Network (Pre).
         Starting Network Service...
[[0;32m  OK  [0m] Started Network Service.
         Starting Network Name Resolution...
         Starting Wait for Network to be Configured...
[[0;32m  OK  [0m] Started Network Name Resolution.
[[0;32m  OK  [0m] Reached target Network.
[[0;32m  OK  [0m] Reached target Host and Network Name Lookups.
[[0;32m  OK  [0m] Started Wait for Network to be Configured.
         Starting Initial cloud-init job (metadata service crawler)...
[    8.726566] cloud-init[633]: Cloud-init v. 19.1-1-gbaa47854-0ubuntu1~18.04.1 running 'init' at Sun, 16 Jun 2019 11:52:11 +0000. Up 8.60 seconds.
[    8.728122] cloud-init[633]: ci-info: ++++++++++++++++++++++++++++++++++++++Net device info++++++++++++++++++++++++++++++++++++++
[    8.729642] cloud-init[633]: ci-info: +--------+-------+---------------------------+---------------+--------+-------------------+
[    8.732247] cloud-init[633]: ci-info: | Device |   Up  |          Address          |      Mask     | Scope  |     Hw-Address    |
[    8.735020] cloud-init[633]: ci-info: +--------+-------+---------------------------+---------------+--------+-------------------+
[    8.748431] cloud-init[633]: ci-info: | enp0s3 |  True |         10.0.2.15         | 255.255.255.0 | global | 02:44:a0:33:03:e1 |
[    8.749654] cloud-init[633]: ci-info: | enp0s3 |  True | fe80::44:a0ff:fe33:3e1/64 |       .       |  link  | 02:44:a0:33:03:e1 |
[    8.751924] cloud-init[633]: ci-info: | enp0s8 | False |             .             |       .       |   .    | 08:00:27:0c:4b:0a |
[    8.764474] cloud-init[633]: ci-info: |   lo   |  True |         127.0.0.1         |   255.0.0.0   |  host  |         .         |
[    8.777128] cloud-init[633]: ci-info: |   lo   |  True |          ::1/128          |       .       |  host  |         .         |
[    8.788142] cloud-init[633]: ci-info: +--------+-------+---------------------------+---------------+--------+-------------------+
[    8.790006] cloud-init[633]: ci-info: ++++++++++++++++++++++++++++Route IPv4 info+++++++++++++++++++++++++++++
[    8.792351] cloud-init[633]: ci-info: +-------+-------------+----------+-----------------+-----------+-------+
[    8.796276] cloud-init[633]: ci-info: | Route | Destination | Gateway  |     Genmask     | Interface | Flags |
[    8.797676] cloud-init[633]: ci-info: +-------+-------------+----------+-----------------+-----------+-------+
[    8.798504] cloud-init[633]: ci-info: |   0   |   0.0.0.0   | 10.0.2.2 |     0.0.0.0     |   enp0s3  |   UG  |
[    8.808229] cloud-init[633]: ci-info: |   1   |   10.0.2.0  | 0.0.0.0  |  255.255.255.0  |   enp0s3  |   U   |
[    8.808905] cloud-init[633]: ci-info: |   2   |   10.0.2.2  | 0.0.0.0  | 255.255.255.255 |   enp0s3  |   UH  |
[    8.810634] cloud-init[633]: ci-info: +-------+-------------+----------+-----------------+-----------+-------+
[    8.824320] cloud-init[633]: ci-info: +++++++++++++++++++Route IPv6 info+++++++++++++++++++
[    8.836253] cloud-init[633]: ci-info: +-------+-------------+---------+-----------+-------+
[    8.848364] cloud-init[633]: ci-info: | Route | Destination | Gateway | Interface | Flags |
[    8.849058] cloud-init[633]: ci-info: +-------+-------------+---------+-----------+-------+
[    8.860239] cloud-init[633]: ci-info: |   1   |  fe80::/64  |    ::   |   enp0s3  |   U   |
[    8.872216] cloud-init[633]: ci-info: |   3   |    local    |    ::   |   enp0s3  |   U   |
[    8.872996] cloud-init[633]: ci-info: |   4   |   ff00::/8  |    ::   |   enp0s3  |   U   |
[    8.873653] cloud-init[633]: ci-info: +-------+-------------+---------+-----------+-------+
[    9.293776] cloud-init[633]: Generating public/private rsa key pair.
[    9.304408] cloud-init[633]: Your identification has been saved in /etc/ssh/ssh_host_rsa_key.
[    9.318703] cloud-init[633]: Your public key has been saved in /etc/ssh/ssh_host_rsa_key.pub.
[[0;32m  OK  [0m] Started Initial cloud-init job (metadata service crawler).
[[0;32m  OK  [0m] Reached target Cloud-config availability.
[[0;32m  OK  [0m] Reached target Network is Online.
[    9.331048] [[0;32m  OK  [0m] Reached target Remote File Systems (Pre).
[[0;32m  OK  [0m] Reached target Remote File Systems.
         Starting Availability of block devices...
[[0;32m  OK  [0m] Reached target System Initialization.
cloud-init[633]: The key fingerprint is:
[[0;32m  OK  [0m] Listening on ACPID Listen Socket.
[[0;32m  OK  [0m] Started Discard unused blocks once a week.
[    9.383572] cloud-init[633]: SHA256:R87EuIA5Z7FU6vvYfyw1Gp4tUz30PTD/IKGi19xqrM4 root@ubuntu-bionic
[    9.416459] cloud-init[633]: The key's randomart image is:
[    9.428894] cloud-init[633]: +---[RSA 2048]----+
[    9.440515] cloud-init[633]: |      o..        |
[[0;32m  OK  [0m] Started ACPI Events Check.
[    9.453961]          Starting LXD - unix socket.
[[0;32m  OK  [0m] Started Message of the Day.
[[0;32m  OK  [0m] Started Daily apt download activities.
cloud-init[633]: |     + + o       |
[    9.457256] cloud-init[633]: |    + * . +      |
[    9.458338] cloud-init[633]: |     = . *  .o.  |
[    9.459594] cloud-init[[0;32m  OK  [0m] Listening on D-Bus System Message Bus Socket.
[[0;32m  OK  [0m] Listening on Open-iSCSI iscsid Socket.
[[0;32m  OK  [0m] Reached target Paths.
         Starting Socket activation for snappy daemon.
[[0;32m  OK  [0m] Started Daily apt upgrade and clean activities.
[[0;32m  OK  [0m] Started Daily Cleanup of Temporary Directories.
[[0;32m  OK  [0m] Reached target Timers.
[[0;32m  OK  [0m] Listening on UUID daemon activation socket.
[633]: |      . S +. ++..|
[[0;32m  OK  [0m] Started Availability of block devices.
[[0;32m  OK  [0m] Listening on LXD - unix socket.
[[0;32m  OK  [0m] Listening on Socket activation for snappy daemon.
[[0;32m  OK  [0m] Reached target Sockets.
[[0;32m  OK  [0m] Reached target Basic System.
         Starting Permit User Sessions...
[    9.484438] cloud-init[633]: |       ...o = +oo|
         Starting Dispatcher daemon for systemd-networkd...
[    9.507691] cloud-init[633]: |      .. * X o oo|
[    9.508748] cloud-init[633]: |      .=. % =   .|
[[0;32m  OK  [0m] Started irqbalance daemon.
         Starting LSB: automatic crash report generation...
         Starting Virtualbox guest utils...
[    9.528175] cloud-init[633]: |      .oE+o*     |
[[0;32m  OK  [0m] Started Regular background program processing daemon.
         Starting Accounts Service...
[[0;32m  OK  [0m] Started FUSE filesystem for LXC.
[[0;32m  OK  [0m] Started Deferred execution scheduler.
[[0;32m  OK  [0m] Started D-Bus System Message Bus.
[    9.546718] cloud-init[633]: +----[SHA256]-----+
[    9.551730] cloud-init[633]: Generating public/private dsa key pair.
[    9.568169] cloud-init[633]: Your identification has been saved in /etc/ssh/ssh_host_dsa_key.
[    9.568802] cloud-init[633]: Your public key has been saved in /etc/ssh/ssh_host_dsa_key.pub.
[    9.570124] cloud-init[633]: The key fingerprint is:
[    9.580265] cloud-init[633]: SHA256:d7vWiD+kWBwHouTp4kdBweicnYvJ0wKo3CKIRPNVPoM root@ubuntu-bionic
[    9.592211] cloud-init[633]: The key's randomart image is:
[    9.604451] cloud-init[633]: +---[DSA 1024]----+
         Starting Pollinate to seed the pseudo random number generator...
         Starting System Logging Service...
[    9.620282] cloud-init[633]: |     ooo         |
[    9.636292] cloud-init[633]: | o  ..* . .      |
[    9.648183] cloud-init[633]: |..oo.E B . .     |
         Starting Snappy daemon...
[    9.664033] cloud-init[633]: |....+ B o . .    |
         [    9.681422] cloud-init[633]: |* .o = oS..o.    |
[    9.681578] cloud-init[633]: |=o .B =  .o...   |
[    9.681668] cloud-init[633]: |. .. =   o +.o   |
[    9.681815] cloud-init[633]: |    . . . o +..  |
[    9.681906] cloud-init[633]: |     .     oo.   |
[    9.681996] cloud-init[633]: +----[SHA256]-----+
[    9.682088] cloud-init[633]: Generating public/private ecdsa key pair.
[    9.682180] cloud-init[633]: Your identification has been saved in /etc/ssh/ssh_host_ecdsa_key.
[    9.682325] cloud-init[633]: Your public key has been saved in /etc/ssh/ssh_host_ecdsa_key.pub.
[    9.683019] cloud-init[633]: The key fingerprint is:
[    9.683111] cloud-init[633]: SHA256:metNZipIa9qwXo9wlZoW4SOp71hxBgkk60eGK/RhTwk root@ubuntu-bionic
Starting LSB: Record successful boot for GRUB...
         Starting Login Service...
         Starting LXD - container startup/shutdown...
[[0;32m  OK  [0m] Started System Logging Service.
[[0;32m  OK  [0m] Started Permit User Sessions.
[    9.683202] cloud-init[633]: The key's randomart image is:
[    9.722150] cloud-init[633]: +---[ECDSA 256]---+
[    9.732388] cloud-init[633]: |+. E             |
[    9.732790] cloud-init[633]: |.o... .          |
[    9.733111] cloud-init[633]: |.oo=.o           |
[    9.744402] cloud-init[633]: |o *++. . o       |
[    9.744840] cloud-init[633]: |.o+o*.o S        |
[    9.745795] cloud-init[633]: |...=.*   .       |
[    9.746781] cloud-init[633]: |. +.*o  . +      |
[    9.748473] cloud-init[633]: | + O+o.. *       |
[    9.753025] cloud-init[633]: |.o*oo ..o .      |
[    9.754416] cloud-init[633]: +----[SHA256]-----+
[    9.758823] cloud-init[633]: Generating public/private ed25519 key pair.
[    9.760078] cloud-init[633]: Your identification has been saved in /etc/ssh/ssh_host_ed25519_key.
[    9.761454] cloud-init[633]: Your public key has been saved in /etc/ssh/ssh_host_ed25519_key.pub.
[    9.762658] cloud-init[633]: The key fingerprint is:
[    9.763675] cloud-init[633]: SHA256:r70mxkvt/k7vbdl50UlbBJkpwFswHlV8uh2yYwqjI30 root@ubuntu-bionic
[    9.766941] cloud-init[633]: The key's randomart image is:
[    9.781075] cloud-init[633]: +--[ED25519 256]--+
[    9.781487] cloud-init[633]: |         .=+.oo= |
[    9.782235] cloud-init[633]: |         ..oo = o|
[    9.782961] cloud-init[633]: |          .o . + |
[    9.783875] cloud-init[633]: |          .  ..o.|
[    9.797113] cloud-init[633]: |        S     +o*|
         Starting Authorization Manager...
[    9.811503] cloud-init[633]: |         =   +.+o|
[    9.812921] cloud-init[633]: |      ..o = + . =|
         Starting Terminate Plymouth Boot Screen...
         Starting Hold until boot process finishes up...
[[0;32m  OK  [0m] Started Terminate Plymouth Boot Screen.
[    9.814848] cloud-init[633]: |     . =+E.o . ++|
[    9.829516] cloud-init[633]: |      ..===+o.o.o|
[    9.831267] cloud-init[633]: +----[SHA256]-----+
[[0;32m  OK  [0m] Started Hold until boot process finishes up.
[[0;32m  OK  [0m] Started Serial Getty on ttyS0.
         Starting Set console scheme...
[[0;32m  OK  [0m] Started Login Service.
[[0;32m  OK  [0m] Started Unattended Upgrades Shutdown.
[[0;32m  OK  [0m] Started LXD - container startup/shutdown.
[[0;32m  OK  [0m] Started Authorization Manager.
[[0;32m  OK  [0m] Started Accounts Service.
[[0;32m  OK  [0m] Started Set console scheme.
[[0;32m  OK  [0m] Created slice system-getty.slice.
[[0;32m  OK  [0m] Started Getty on tty1.
[[0;32m  OK  [0m] Reached target Login Prompts.
[[0;32m  OK  [0m] Started LSB: automatic crash report generation.
[[0;32m  OK  [0m] Started Virtualbox guest utils.
[[0;32m  OK  [0m] Started Dispatcher daemon for systemd-networkd.
[[0;32m  OK  [0m] Started LSB: Record successful boot for GRUB.
[[0;32m  OK  [0m] Started Snappy daemon.
         Starting Wait until snapd is fully seeded...
[[0;32m  OK  [0m] Started Pollinate to seed the pseudo random number generator.
         Starting OpenBSD Secure Shell server...
[[0;32m  OK  [0m] Started OpenBSD Secure Shell server.
[[0;32m  OK  [0m] Created slice User Slice of vagrant.
         Starting User Manager for UID 1000...
[[0;32m  OK  [0m] Started Session 1 of user vagrant.
[[0;32m  OK  [0m] Started User Manager for UID 1000.
[[0;32m  OK  [0m] Started Wait until snapd is fully seeded.
         Starting Apply the settings specified in cloud-config...
[[0;32m  OK  [0m] Reached target Multi-User System.
[[0;32m  OK  [0m] Reached target Graphical Interface.
         Starting Update UTMP about System Runlevel Changes...
[[0;32m  OK  [0m] Started Update UTMP about System Runlevel Changes.
[   14.091719] cloud-init[1072]: Cloud-init v. 19.1-1-gbaa47854-0ubuntu1~18.04.1 running 'modules:config' at Sun, 16 Jun 2019 11:52:16 +0000. Up 13.53 seconds.
[[0;32m  OK  [0m] Started Apply the settings specified in cloud-config.
         Starting Execute cloud user/final scripts...
         Stopping User Manager for UID 1000...
[[0;32m  OK  [0m] Stopped User Manager for UID 1000.
[[0;32m  OK  [0m] Removed slice User Slice of vagrant.
ci-info: no authorized ssh keys fingerprints found for user ubuntu.
<14>Jun 16 11:52:17 ec2: 
<14>Jun 16 11:52:17 ec2: #############################################################
<14>Jun 16 11:52:17 ec2: -----BEGIN SSH HOST KEY FINGERPRINTS-----
<14>Jun 16 11:52:17 ec2: 1024 SHA256:d7vWiD+kWBwHouTp4kdBweicnYvJ0wKo3CKIRPNVPoM root@ubuntu-bionic (DSA)
<14>Jun 16 11:52:17 ec2: 256 SHA256:metNZipIa9qwXo9wlZoW4SOp71hxBgkk60eGK/RhTwk root@ubuntu-bionic (ECDSA)
<14>Jun 16 11:52:17 ec2: 256 SHA256:r70mxkvt/k7vbdl50UlbBJkpwFswHlV8uh2yYwqjI30 root@ubuntu-bionic (ED25519)
<14>Jun 16 11:52:17 ec2: 2048 SHA256:R87EuIA5Z7FU6vvYfyw1Gp4tUz30PTD/IKGi19xqrM4 root@ubuntu-bionic (RSA)
<14>Jun 16 11:52:17 ec2: -----END SSH HOST KEY FINGERPRINTS-----
<14>Jun 16 11:52:17 ec2: #############################################################
-----BEGIN SSH HOST KEY KEYS-----
ecdsa-sha2-nistp256 AAAAE2VjZHNhLXNoYTItbmlzdHAyNTYAAAAIbmlzdHAyNTYAAABBBM7rLEvMtYt4Zj43yvTsY69HTsAoAVpGuaRVXKaBZH40BWOVGNzYGWPzxNVY8+Ote0d7Sin+DH4P6janMFTNTm4= root@ubuntu-bionic
ssh-ed25519 AAAAC3NzaC1lZDI1NTE5AAAAIJOa/6sh7fqCXQ+75ZZfIflvaxZdIxDUUQMnUcASpiPz root@ubuntu-bionic
ssh-rsa AAAAB3NzaC1yc2EAAAADAQABAAABAQC39AhwVYonY7ZHMxBvQaNNbyl6gHeI5p8+5HS61oXTwSBLx/yXOQ5OoEaLbwWxNgOb758SyIUqge63I/o/djojxCzZQtLeHcXDRyx8HUAvVP86obn9nE1Q1911JLc8Q1Cc6LE9pyfveC3F8uaaLjXYdf3d024F0CeMqrO5V0HDSQzv/xcrpABLMMb+AN7RsIIwGJLVOKI9g4pVzK8QhpqpJ2i/4kkwVNyekgWsjrwaGQprj6bKJryIazm9P0m5EHVrRa3Xu7BsK/OmPM1jX44p1kF6J/Z5QU7A7/E9+SN6LowjriqGENjyZ2Cv6TflN4ZbNSp8yU1jY7f6fogwl8Kt root@ubuntu-bionic
-----END SSH HOST KEY KEYS-----
[   14.972620] cloud-init[1203]: Cloud-init v. 19.1-1-gbaa47854-0ubuntu1~18.04.1 running 'modules:final' at Sun, 16 Jun 2019 11:52:17 +0000. Up 14.79 seconds.
[   14.972992] cloud-init[1203]: ci-info: no authorized ssh keys fingerprints found for user ubuntu.
[   14.973108] cloud-init[1203]: Cloud-init v. 19.1-1-gbaa47854-0ubuntu1~18.04.1 finished at Sun, 16 Jun 2019 11:52:17 +0000. Datasource DataSourceNoCloud [seed=/dev/sdb][dsmode=net].  Up 14.96 seconds

Ubuntu 18.04.2 LTS ubuntu-bionic ttyS0

ubuntu-bionic login: 